// Vitest Snapshot v1, https://vitest.dev/guide/snapshot.html

exports[`Analyze > Valid inputs 1`] = `
[
  {
    "good_to_have": [
      Tool {
        "description": undefined,
        "logo": undefined,
        "name": "JavaScript",
      },
      Tool {
        "description": undefined,
        "logo": undefined,
        "name": "Nest",
      },
      Tool {
        "description": undefined,
        "logo": undefined,
        "name": "Next",
      },
      Tool {
        "description": undefined,
        "logo": undefined,
        "name": "S3",
      },
      Tool {
        "description": undefined,
        "logo": undefined,
        "name": "MySQL",
      },
      Tool {
        "description": undefined,
        "logo": undefined,
        "name": "Supabase",
      },
      Tool {
        "description": undefined,
        "logo": undefined,
        "name": "MariaDB",
      },
      Tool {
        "description": undefined,
        "logo": undefined,
        "name": "Cassandra",
      },
      Tool {
        "description": undefined,
        "logo": undefined,
        "name": "DynamoDB",
      },
      Tool {
        "description": undefined,
        "logo": undefined,
        "name": "gRPC",
      },
      Tool {
        "description": undefined,
        "logo": undefined,
        "name": "Kubernetes",
      },
      Tool {
        "description": undefined,
        "logo": undefined,
        "name": "NGINX",
      },
      Tool {
        "description": undefined,
        "logo": undefined,
        "name": "SOLID",
      },
      Tool {
        "description": undefined,
        "logo": undefined,
        "name": "Microservices",
      },
      Tool {
        "description": undefined,
        "logo": undefined,
        "name": "Prisma",
      },
    ],
    "has": [
      Tool {
        "description": undefined,
        "logo": undefined,
        "name": "TypeScript",
      },
      Tool {
        "description": undefined,
        "logo": undefined,
        "name": "Express",
      },
    ],
    "missing": [
      Tool {
        "description": undefined,
        "logo": undefined,
        "name": "React",
      },
      Tool {
        "description": undefined,
        "logo": undefined,
        "name": "SQL",
      },
      Tool {
        "description": undefined,
        "logo": undefined,
        "name": "PostgreSQL",
      },
      Tool {
        "description": undefined,
        "logo": undefined,
        "name": "MongoDB",
      },
      Tool {
        "description": undefined,
        "logo": undefined,
        "name": "Redis",
      },
      Tool {
        "description": undefined,
        "logo": undefined,
        "name": "Firebase",
      },
      Tool {
        "description": undefined,
        "logo": undefined,
        "name": "Cloudinary",
      },
      Tool {
        "description": undefined,
        "logo": undefined,
        "name": "HTML",
      },
      Tool {
        "description": undefined,
        "logo": undefined,
        "name": "CSS",
      },
      Tool {
        "description": undefined,
        "logo": undefined,
        "name": "JavaScript",
      },
      Tool {
        "description": undefined,
        "logo": undefined,
        "name": "HTTP",
      },
      Tool {
        "description": undefined,
        "logo": undefined,
        "name": "WebSockets",
      },
      Tool {
        "description": undefined,
        "logo": undefined,
        "name": "GraphQL",
      },
      Tool {
        "description": undefined,
        "logo": undefined,
        "name": "PubSub",
      },
      Tool {
        "description": undefined,
        "logo": undefined,
        "name": "Git",
      },
      Tool {
        "description": undefined,
        "logo": undefined,
        "name": "Github Actions",
      },
      Tool {
        "description": undefined,
        "logo": undefined,
        "name": "Docker",
      },
      Tool {
        "description": undefined,
        "logo": undefined,
        "name": "AWS",
      },
      Tool {
        "description": undefined,
        "logo": undefined,
        "name": "Google Cloud",
      },
      Tool {
        "description": undefined,
        "logo": undefined,
        "name": "Azure",
      },
      Tool {
        "description": undefined,
        "logo": undefined,
        "name": "JWTs",
      },
      Tool {
        "description": undefined,
        "logo": undefined,
        "name": "OAuth",
      },
      Tool {
        "description": undefined,
        "logo": undefined,
        "name": "bcrypt",
      },
      Tool {
        "description": undefined,
        "logo": undefined,
        "name": "CORS",
      },
      Tool {
        "description": undefined,
        "logo": undefined,
        "name": "Helmet",
      },
      Tool {
        "description": undefined,
        "logo": undefined,
        "name": "Vitest",
      },
      Tool {
        "description": undefined,
        "logo": undefined,
        "name": "Jest",
      },
      Tool {
        "description": undefined,
        "logo": undefined,
        "name": "MVC",
      },
      Tool {
        "description": undefined,
        "logo": undefined,
        "name": "OOP",
      },
      Tool {
        "description": undefined,
        "logo": undefined,
        "name": "DDD",
      },
      Tool {
        "description": undefined,
        "logo": undefined,
        "name": "ACID",
      },
      Tool {
        "description": undefined,
        "logo": undefined,
        "name": "RESTful",
      },
      Tool {
        "description": undefined,
        "logo": undefined,
        "name": "Zod",
      },
      Tool {
        "description": undefined,
        "logo": undefined,
        "name": "Swagger",
      },
      Tool {
        "description": undefined,
        "logo": undefined,
        "name": "UUID",
      },
    ],
    "name": "Intermediate Backend Developer - JavaScript",
    "points": 2,
    "progress": 16.666666666666664,
  },
  {
    "good_to_have": [
      Tool {
        "description": undefined,
        "logo": undefined,
        "name": "Nest",
      },
      Tool {
        "description": undefined,
        "logo": undefined,
        "name": "React",
      },
      Tool {
        "description": undefined,
        "logo": undefined,
        "name": "Next",
      },
      Tool {
        "description": undefined,
        "logo": undefined,
        "name": "MySQL",
      },
      Tool {
        "description": undefined,
        "logo": undefined,
        "name": "Redis",
      },
      Tool {
        "description": undefined,
        "logo": undefined,
        "name": "Firebase",
      },
      Tool {
        "description": undefined,
        "logo": undefined,
        "name": "Supabase",
      },
      Tool {
        "description": undefined,
        "logo": undefined,
        "name": "GraphQL",
      },
      Tool {
        "description": undefined,
        "logo": undefined,
        "name": "Docker",
      },
      Tool {
        "description": undefined,
        "logo": undefined,
        "name": "OAuth",
      },
      Tool {
        "description": undefined,
        "logo": undefined,
        "name": "Prisma",
      },
    ],
    "has": [
      Tool {
        "description": undefined,
        "logo": undefined,
        "name": "TypeScript",
      },
      Tool {
        "description": undefined,
        "logo": undefined,
        "name": "Express",
      },
    ],
    "missing": [
      Tool {
        "description": undefined,
        "logo": undefined,
        "name": "JavaScript",
      },
      Tool {
        "description": undefined,
        "logo": undefined,
        "name": "SQL",
      },
      Tool {
        "description": undefined,
        "logo": undefined,
        "name": "PostgreSQL",
      },
      Tool {
        "description": undefined,
        "logo": undefined,
        "name": "MongoDB",
      },
      Tool {
        "description": undefined,
        "logo": undefined,
        "name": "Cloudinary",
      },
      Tool {
        "description": undefined,
        "logo": undefined,
        "name": "HTML",
      },
      Tool {
        "description": undefined,
        "logo": undefined,
        "name": "CSS",
      },
      Tool {
        "description": undefined,
        "logo": undefined,
        "name": "JavaScript",
      },
      Tool {
        "description": undefined,
        "logo": undefined,
        "name": "HTTP",
      },
      Tool {
        "description": undefined,
        "logo": undefined,
        "name": "WebSockets",
      },
      Tool {
        "description": undefined,
        "logo": undefined,
        "name": "Git",
      },
      Tool {
        "description": undefined,
        "logo": undefined,
        "name": "Heroku",
      },
      Tool {
        "description": undefined,
        "logo": undefined,
        "name": "Vercel",
      },
      Tool {
        "description": undefined,
        "logo": undefined,
        "name": "JWTs",
      },
      Tool {
        "description": undefined,
        "logo": undefined,
        "name": "bcrypt",
      },
      Tool {
        "description": undefined,
        "logo": undefined,
        "name": "CORS",
      },
      Tool {
        "description": undefined,
        "logo": undefined,
        "name": "Helmet",
      },
      Tool {
        "description": undefined,
        "logo": undefined,
        "name": "MVC",
      },
      Tool {
        "description": undefined,
        "logo": undefined,
        "name": "OOP",
      },
      Tool {
        "description": undefined,
        "logo": undefined,
        "name": "RESTful",
      },
      Tool {
        "description": undefined,
        "logo": undefined,
        "name": "Vitest",
      },
      Tool {
        "description": undefined,
        "logo": undefined,
        "name": "Jest",
      },
      Tool {
        "description": undefined,
        "logo": undefined,
        "name": "Zod",
      },
      Tool {
        "description": undefined,
        "logo": undefined,
        "name": "Swagger",
      },
      Tool {
        "description": undefined,
        "logo": undefined,
        "name": "UUID",
      },
    ],
    "name": "Junior Backend Developer - JavaScript",
    "points": 2,
    "progress": 13.636363636363635,
  },
  {
    "good_to_have": [
      Tool {
        "description": undefined,
        "logo": undefined,
        "name": "Next",
      },
      Tool {
        "description": undefined,
        "logo": undefined,
        "name": "Vue",
      },
      Tool {
        "description": undefined,
        "logo": undefined,
        "name": "Angular",
      },
      Tool {
        "description": undefined,
        "logo": undefined,
        "name": "Framer",
      },
      Tool {
        "description": undefined,
        "logo": undefined,
        "name": "GSAP",
      },
      Tool {
        "description": undefined,
        "logo": undefined,
        "name": "MongoDB",
      },
      Tool {
        "description": undefined,
        "logo": undefined,
        "name": "PostgreSQL",
      },
      Tool {
        "description": undefined,
        "logo": undefined,
        "name": "Firebase",
      },
      Tool {
        "description": undefined,
        "logo": undefined,
        "name": "WebSockets",
      },
      Tool {
        "description": undefined,
        "logo": undefined,
        "name": "GraphQL",
      },
      Tool {
        "description": undefined,
        "logo": undefined,
        "name": "Webpack",
      },
      Tool {
        "description": undefined,
        "logo": undefined,
        "name": "Zustand",
      },
    ],
    "has": [
      Tool {
        "description": undefined,
        "logo": undefined,
        "name": "TypeScript",
      },
    ],
    "missing": [
      Tool {
        "description": undefined,
        "logo": undefined,
        "name": "JavaScript",
      },
      Tool {
        "description": undefined,
        "logo": undefined,
        "name": "React",
      },
      Tool {
        "description": undefined,
        "logo": undefined,
        "name": "HTML",
      },
      Tool {
        "description": undefined,
        "logo": undefined,
        "name": "CSS",
      },
      Tool {
        "description": undefined,
        "logo": undefined,
        "name": "Tailwind",
      },
      Tool {
        "description": undefined,
        "logo": undefined,
        "name": "ShadCN",
      },
      Tool {
        "description": undefined,
        "logo": undefined,
        "name": "Radix",
      },
      Tool {
        "description": undefined,
        "logo": undefined,
        "name": "Bootstrap",
      },
      Tool {
        "description": undefined,
        "logo": undefined,
        "name": "HTTP",
      },
      Tool {
        "description": undefined,
        "logo": undefined,
        "name": "Git",
      },
      Tool {
        "description": undefined,
        "logo": undefined,
        "name": "Vite",
      },
      Tool {
        "description": undefined,
        "logo": undefined,
        "name": "Vercel",
      },
      Tool {
        "description": undefined,
        "logo": undefined,
        "name": "Netlify",
      },
      Tool {
        "description": undefined,
        "logo": undefined,
        "name": "Render",
      },
      Tool {
        "description": undefined,
        "logo": undefined,
        "name": "Redux",
      },
      Tool {
        "description": undefined,
        "logo": undefined,
        "name": "React Query",
      },
      Tool {
        "description": undefined,
        "logo": undefined,
        "name": "Zod",
      },
    ],
    "name": "Junior Frontend Developer",
    "points": 1,
    "progress": 0,
  },
]
`;
