// Vitest Snapshot v1, https://vitest.dev/guide/snapshot.html

exports[`Analyze > Get all tools 1`] = `
[
  "JavaScript",
  "TypeScript",
  "Go",
  "Python",
  "Java",
  "C",
  "C++",
  "C#",
  "Dart",
  "Bash",
  "PHP",
  "Ruby",
  "Swift",
  "SQL",
  "Rust",
  "Kotlin",
  "Scala",
  "Perl",
  "Lua",
  "Haskell",
  "Express",
  "Nest",
  "Django",
  "Flask",
  "Laravel",
  "Spring Boot",
  "Spring",
  ".NET",
  "FastAPI",
  "React",
  "Vue",
  "Next",
  "Angular",
  "Remix",
  "Svelte",
  "Solid",
  "Flutter",
  "React Native",
  "Tauri",
  "Electron",
  "ShadCN",
  "Radix",
  "Framer",
  "GSAP",
  "Bootstrap",
  "Tailwind",
  "Chakra UI",
  "Material UI",
  "Emotion",
  "Redux",
  "Zustand",
  "React Query",
  "MongoDB",
  "PostgreSQL",
  "MySQL",
  "SQLite",
  "Oracle",
  "SQL Server",
  "Redis",
  "MariaDB",
  "Cassandra",
  "DynamoDB",
  "Neo4j",
  "Supabase",
  "S3",
  "Cloudinary",
  "MVC",
  "DDD",
  "Microservices",
  "OOP",
  "RESTful",
  "ACID",
  "SOLID",
  "Hexagonal Architecture",
  "Event Driven Architecture",
  "MCP",
  "MVVC",
  "Git",
  "Docker",
  "Kubernetes",
  "Github Actions",
  "Jenkins",
  "Terraform",
  "GitLab",
  "NGINX",
  "ArgoCD",
  "Prometheus",
  "Vite",
  "Webpack",
  "AWS",
  "Google Cloud",
  "Azure",
  "Vercel",
  "Netlify",
  "Firebase",
  "Cloudflare",
  "Heroku",
  "Digital Ocean",
  "Render",
  "HTTP",
  "WebSockets",
  "gRPC",
  "Thrift",
  "GraphQL",
  "WebRTC",
  "tRPC",
  "QUIC",
  "RabbitMQ",
  "Kafka",
  "PubSub",
  "JWTs",
  "OAuth",
  "bcrypt",
  "CORS",
  "Helmet",
  "HTML",
  "CSS",
  "Prisma",
  "Swagger",
  "Zod",
  "Jest",
  "Vitest",
  "UUID",
]
`;
