// Vitest Snapshot v1, https://vitest.dev/guide/snapshot.html

exports[`Analyze > Valid inputs 1`] = `
{
  "matches": [
    {
      "fit": 5,
      "label": "Senior Frontend",
      "missings": [
        "JavaScript",
        "React",
        "Next",
        "React_Native",
        "jQuery",
        "PostgreSQL",
        "MongoDB",
        "Firebase",
        "Docker",
        "GitLab",
        "Cloudflare",
        "Github_Actions",
        "Vercel",
        "Heroku",
        "Netlify",
        "NGINX",
        "Tailwind",
        "ShadCN",
        "Redux",
        "Vite",
        "Chakra_UI",
        "Material_UI",
        "Radix_UI",
        "Emotion",
        "SWR",
        "JWTs",
        "OAuth",
        "Zod",
        "Vitest",
        "HTMX",
        "HTTP",
        "Websockets",
        "WebRTC",
        "OOP",
        "MVC",
        "SOLID",
        "HTML",
        "CSS",
        "NodeJS",
        "Git",
        "Linux",
      ],
    },
    {
      "fit": 4,
      "label": "Junior Backend",
      "missings": [
        "JavaScript",
        "PostgreSQL",
        "MongoDB",
        "Firebase",
        "Github_Actions",
        "JWTs",
        "OAuth",
        "Prisma",
        "Swagger",
        "Zod",
        "Jest",
        "Vitest",
        "HTTP",
        "Websockets",
        "OOP",
        "MVC",
        "RESTful",
        "HTML",
        "Git",
        "NodeJS",
        "SQL",
        "Linux",
      ],
    },
    {
      "fit": 4,
      "label": "Sunior Backend",
      "missings": [
        "JavaScript",
        "Next",
        "Nest",
        "PostgreSQL",
        "MySQL",
        "SQL_Server",
        "Redis",
        "SQL",
        "MongoDB",
        "Firebase",
        "Docker",
        "AWS",
        "Kubernetes",
        "Jenkins",
        "Terraform",
        "Google_Cloud",
        "Github_Actions",
        "GitLab",
        "NGINX",
        "JWTs",
        "OAuth",
        "Auth0",
        "Prisma",
        "Swagger",
        "Zod",
        "Jest",
        "Vitest",
        "HTTP",
        "Websockets",
        "gRPC",
        "Google_PubSub",
        "GraphQL",
        "WebRTC",
        "SSE",
        "FCM",
        "OOP",
        "DDD",
        "Microservices",
        "SOLID",
        "MVC",
        "RESTful",
        "Hexagonal_Architecture",
        "Event_Driven_Architecture",
        "MCP",
        "ACID",
        "HTML",
        "Git",
        "NodeJS",
        "Linux",
      ],
    },
    {
      "fit": 4,
      "label": "Junior Frontend",
      "missings": [
        "JavaScript",
        "React",
        "PostgreSQL",
        "MongoDB",
        "Firebase",
        "Github_Actions",
        "Vercel",
        "Heroku",
        "Netlify",
        "Tailwind",
        "ShadCN",
        "Material_UI",
        "Redux",
        "Vite",
        "JWTs",
        "OAuth",
        "Zod",
        "HTTP",
        "Websockets",
        "OOP",
        "MVC",
        "HTML",
        "CSS",
        "NodeJS",
        "Git",
      ],
    },
  ],
}
`;
